// Vitest Snapshot v1, https://vitest.dev/guide/snapshot.html

exports[`split string with custom separator 1`] = `
"/* layer: default */
.hover__bg-green-500:hover{--un-bg-opacity:1;background-color:rgb(34 197 94 / var(--un-bg-opacity));}
.hover_a_bg-green-500:hover{--un-bg-opacity:1;background-color:rgb(34 197 94 / var(--un-bg-opacity));}
.active__bg-red-500:active{--un-bg-opacity:1;background-color:rgb(239 68 68 / var(--un-bg-opacity));}
.active_a_bg-red-500:active{--un-bg-opacity:1;background-color:rgb(239 68 68 / var(--un-bg-opacity));}"
`;

exports[`unable to generate token variant with explicit separator without dash 1`] = `
"/* layer: default */
.hover_c_bg-green-500:hover{--un-bg-opacity:1;background-color:rgb(34 197 94 / var(--un-bg-opacity));}
.active_c_bg-red-500:active{--un-bg-opacity:1;background-color:rgb(239 68 68 / var(--un-bg-opacity));}"
`;
